2026-05-14 11:24:37,476 INFO  - 工作目录【E:\zhuanhuanqian\tianjianerpi】
2026-05-14 11:24:37,497 INFO  - E:\zhuanhuanqian\tianjianerpi\BOUNDARY.shp
2026-05-14 11:24:37,498 INFO  - E:\zhuanhuanqian\tianjianerpi\CROSSWALK.shp
2026-05-14 11:24:37,498 INFO  - E:\zhuanhuanqian\tianjianerpi\FREEAREA.shp
2026-05-14 11:24:37,498 INFO  - E:\zhuanhuanqian\tianjianerpi\GATE.shp
2026-05-14 11:24:37,498 INFO  - E:\zhuanhuanqian\tianjianerpi\INTERSECTION.shp
2026-05-14 11:24:37,499 INFO  - E:\zhuanhuanqian\tianjianerpi\LANE.shp
2026-05-14 11:24:37,499 INFO  - E:\zhuanhuanqian\tianjianerpi\LANE_NODE.shp
2026-05-14 11:24:37,499 INFO  - E:\zhuanhuanqian\tianjianerpi\LANE_SECTION.shp
2026-05-14 11:24:37,499 INFO  - E:\zhuanhuanqian\tianjianerpi\MAP_TILE.shp
2026-05-14 11:24:37,499 INFO  - E:\zhuanhuanqian\tianjianerpi\MULTI_LAYER_AREA.shp
2026-05-14 11:24:37,499 INFO  - E:\zhuanhuanqian\tianjianerpi\PARKING.shp
2026-05-14 11:24:37,500 INFO  - E:\zhuanhuanqian\tianjianerpi\PILLAR.shp
2026-05-14 11:24:37,500 INFO  - E:\zhuanhuanqian\tianjianerpi\PROHIBITED_AREA.shp
2026-05-14 11:24:37,500 INFO  - E:\zhuanhuanqian\tianjianerpi\ROAD.shp
2026-05-14 11:24:37,500 INFO  - E:\zhuanhuanqian\tianjianerpi\SAFETYISLAND.shp
2026-05-14 11:24:37,501 INFO  - E:\zhuanhuanqian\tianjianerpi\SIGNAL.shp
2026-05-14 11:24:37,501 INFO  - E:\zhuanhuanqian\tianjianerpi\SPEEDBUMP.shp
2026-05-14 11:24:37,501 INFO  - E:\zhuanhuanqian\tianjianerpi\STOPLINE.shp
2026-05-14 11:24:37,502 INFO  - 生成lanemarking开始
2026-05-14 11:24:38,051 INFO  - 生成lanemarking结束
2026-05-14 11:24:38,052 INFO  - 生成lane开始
2026-05-14 11:24:38,197 INFO  - 生成lane结束
2026-05-14 11:24:38,198 INFO  - 生成lanenode开始
2026-05-14 11:24:38,235 INFO  - 生成lanenode结束
2026-05-14 11:24:38,236 INFO  - 生成roadlink开始
2026-05-14 11:24:38,274 INFO  - 生成roadlink结束
2026-05-14 11:24:38,275 INFO  - 生成lanegroup开始
2026-05-14 11:24:38,349 INFO  - 生成lanegroup结束
2026-05-14 11:24:38,349 INFO  - 生成intersection开始
2026-05-14 11:24:38,386 INFO  - 生成intersection结束
2026-05-14 11:24:38,386 INFO  - 生成corsswalk开始
2026-05-14 11:24:38,419 INFO  - 生成corsswalk结束
2026-05-14 11:24:38,419 INFO  - 生成stopline开始
2026-05-14 11:24:38,435 INFO  - 生成stopline结束
2026-05-14 11:24:38,436 INFO  - 生成trafficlight开始
2026-05-14 11:24:38,453 INFO  - 生成trafficlight结束
2026-05-14 11:24:38,453 INFO  - 生成speedbump开始
2026-05-14 11:24:38,466 INFO  - 生成speedbump结束
2026-05-14 11:24:38,466 INFO  - 生成gate开始
2026-05-14 11:24:38,479 INFO  - 生成gate结束
2026-05-14 11:24:38,480 INFO  - 生成safetyisland开始
2026-05-14 11:24:38,493 INFO  - 生成safetyisland结束
2026-05-14 11:24:38,493 INFO  - 生成cleararea开始
2026-05-14 11:24:38,505 INFO  - 生成cleararea结束
2026-05-14 11:24:38,505 INFO  - 生成prohibitedarea开始
2026-05-14 11:24:38,528 INFO  - 生成prohibitedarea结束
2026-05-14 11:24:38,529 INFO  - 生成freearea开始
2026-05-14 11:24:38,540 INFO  - 生成freearea结束
2026-05-14 11:24:38,540 INFO  - 生成parking开始
2026-05-14 11:24:38,551 INFO  - 生成parking结束
2026-05-14 11:24:38,552 INFO  - 生成pillar开始
2026-05-14 11:24:38,565 INFO  - 生成pillar结束
